  [50/1000] 真胜率 70.0% 179s
  [100/1000] 真胜率 65.0% 496s
  [150/1000] 真胜率 65.3% 789s
  [200/1000] 真胜率 64.5% 1108s
  [250/1000] 真胜率 63.2% 1437s
  [300/1000] 真胜率 63.7% 1678s
  [350/1000] 真胜率 63.1% 2034s
  [400/1000] 真胜率 62.7% 2271s
  [450/1000] 真胜率 62.7% 2594s
  [500/1000] 真胜率 61.6% 2897s
  [550/1000] 真胜率 62.0% 3155s
  [600/1000] 真胜率 62.7% 3398s
  [650/1000] 真胜率 62.6% 3632s
  [700/1000] 真胜率 62.3% 3870s
  [750/1000] 真胜率 61.9% 4100s
  [800/1000] 真胜率 62.1% 4296s
  [850/1000] 真胜率 62.1% 4527s
  [900/1000] 真胜率 61.9% 4846s
  [950/1000] 真胜率 62.1% 5057s
  [1000/1000] 真胜率 62.2% 5288s

===== 评分网络裸装 1000 局 @970000 =====
  真胜率 62.2%  负 28.8%  双亡 8.2%
  判决B: >=50% = 路径验证通过 (参照: P17=36.4% / 混合体K=8=95%)
  [50/500] 真胜率 68.0% 242s
  [100/500] 真胜率 63.0% 469s
  [150/500] 真胜率 66.7% 663s
  [200/500] 真胜率 63.5% 867s
  [250/500] 真胜率 63.6% 1067s
  [300/500] 真胜率 66.0% 1265s
  [350/500] 真胜率 64.9% 1502s
  [400/500] 真胜率 64.5% 1690s
  [450/500] 真胜率 64.2% 1901s
  [500/500] 真胜率 63.8% 2129s

===== 评分网络裸装 500 局 @990000 =====
  真胜率 63.8%  负 27.4%  双亡 8.6%
  判决B: >=50% = 路径验证通过 (参照: P17=36.4% / 混合体K=8=95%)
===== P21b 双基定级完成 =====
