===== [P24v2] 衰减计分板: 四方对照 =====
经济: 起始100 衰减10/s 命中+50 势能+3/格 覆盖+2 卡墙-5/s 上限30s

--- idle: 40局 (1s) ---
  结算分 0.0  存活 7.4s  命中 0.0次/局 (间隔 infs)
  风格速率 +0.00/s  卡墙帧 0.0%  覆盖 0.0格/局
  终局: 死65% 流干35% 到时0%  死亡时身价 40

--- laika: 40局 (1s) ---
  结算分 0.0  存活 10.6s  命中 1.7次/局 (间隔 6.1s)
  风格速率 +1.51/s  卡墙帧 1.1%  覆盖 5.0格/局
  终局: 死78% 流干22% 到时0%  死亡时身价 125

--- hunt: 40局 (438s) ---
  结算分 297.0  存活 15.5s  命中 8.2次/局 (间隔 1.9s)
  风格速率 -0.87/s  卡墙帧 44.9%  覆盖 5.4格/局
  终局: 死5% 流干68% 到时28%  死亡时身价 928

--- style: 40局 (505s) ---
  结算分 617.9  存活 22.0s  命中 14.5次/局 (间隔 1.5s)
  风格速率 +0.93/s  卡墙帧 4.1%  覆盖 7.5格/局
  终局: 死5% 流干40% 到时55%  死亡时身价 122

===== 风格效率指数 (÷ Laika 镜像) =====
  hunt: -0.58
  style: 0.62

提醒: 训练课程的机制验证; 真验收永远在原版游戏。
