  [50/1000] 真胜率 68.0% 396s
  [100/1000] 真胜率 66.0% 610s
  [150/1000] 真胜率 65.3% 935s
  [200/1000] 真胜率 70.0% 1162s
  [250/1000] 真胜率 69.2% 1416s
  [300/1000] 真胜率 69.0% 1659s
  [350/1000] 真胜率 67.1% 1930s
  [400/1000] 真胜率 67.5% 2180s
  [450/1000] 真胜率 67.8% 2532s
  [500/1000] 真胜率 67.8% 2801s
  [550/1000] 真胜率 67.6% 3034s
  [600/1000] 真胜率 68.2% 3331s
  [650/1000] 真胜率 67.5% 3599s
  [700/1000] 真胜率 67.1% 3828s
  [750/1000] 真胜率 66.9% 4067s
  [800/1000] 真胜率 67.4% 4307s
  [850/1000] 真胜率 67.4% 4504s
  [900/1000] 真胜率 68.0% 4761s
  [950/1000] 真胜率 68.4% 5027s
  [1000/1000] 真胜率 68.6% 5256s

===== 评分网络裸装 1000 局 @970000 =====
  真胜率 68.6%  负 23.5%  双亡 7.4%
  判决B: >=50% = 路径验证通过 (参照: P17=36.4% / 混合体K=8=95%)
  [50/500] 真胜率 52.0% 212s
  [100/500] 真胜率 58.0% 406s
  [150/500] 真胜率 63.3% 627s
  [200/500] 真胜率 60.5% 866s
  [250/500] 真胜率 62.8% 1104s
  [300/500] 真胜率 64.3% 1326s
  [350/500] 真胜率 64.0% 1547s
  [400/500] 真胜率 64.0% 1768s
  [450/500] 真胜率 64.2% 1989s
  [500/500] 真胜率 64.8% 2251s

===== 评分网络裸装 500 局 @990000 =====
  真胜率 64.8%  负 25.6%  双亡 9.2%
  判决B: >=50% = 路径验证通过 (参照: P17=36.4% / 混合体K=8=95%)
===== iter01 双基定级完成 =====
