===== [P17] 等待 P16 过夜长训完成... =====
===== [P17] P16 已结束, 开始导航观测流水线 =====
===== [P17-BC] 采集 80 万样本 (125 维含导航) + 克隆训练 =====
===== [P15-1] 采集 Laika 示范 800000 样本 =====
  采集 52401/800000 (500 局, 30s)
  采集 101289/800000 (1000 局, 59s)
  采集 151594/800000 (1500 局, 89s)
  采集 204522/800000 (2000 局, 122s)
  采集 254893/800000 (2500 局, 153s)
  采集 305770/800000 (3000 局, 184s)
  采集 353611/800000 (3500 局, 213s)
  采集 402887/800000 (4000 局, 243s)
  采集 454917/800000 (4500 局, 275s)
  采集 506322/800000 (5000 局, 306s)
  采集 557907/800000 (5500 局, 337s)
  采集 608130/800000 (6000 局, 368s)
  采集 658653/800000 (6500 局, 399s)
  采集 711626/800000 (7000 局, 431s)
  采集 764250/800000 (7500 局, 463s)
采集完成: 800000 样本, 7855 局, 485s
  油门分布: [0.021 0.652 0.327]
  转向分布: [0.233 0.539 0.228]
  开火分布: [0.937 0.063]
===== [P15-2] 行为克隆训练 (12 epochs) =====
  epoch 1/12  loss 1.8882  验证准确率 油门 73.4% 转向 54.6% 开火 95.4%  2s
  epoch 2/12  loss 1.6077  验证准确率 油门 74.5% 转向 58.6% 开火 96.0%  3s
  epoch 3/12  loss 1.5484  验证准确率 油门 75.4% 转向 60.1% 开火 96.1%  5s
  epoch 4/12  loss 1.5143  验证准确率 油门 76.0% 转向 61.1% 开火 96.2%  6s
  epoch 5/12  loss 1.4856  验证准确率 油门 76.9% 转向 61.8% 开火 96.1%  8s
  epoch 6/12  loss 1.4611  验证准确率 油门 77.3% 转向 62.3% 开火 96.2%  10s
  epoch 7/12  loss 1.4402  验证准确率 油门 77.6% 转向 62.7% 开火 96.2%  11s
  epoch 8/12  loss 1.4218  验证准确率 油门 77.8% 转向 63.4% 开火 96.2%  13s
  epoch 9/12  loss 1.4051  验证准确率 油门 78.3% 转向 64.0% 开火 96.3%  15s
  epoch 10/12  loss 1.3911  验证准确率 油门 78.4% 转向 64.4% 开火 96.3%  16s
  epoch 11/12  loss 1.3792  验证准确率 油门 78.6% 转向 64.8% 开火 96.4%  18s
  epoch 12/12  loss 1.3687  验证准确率 油门 78.8% 转向 65.1% 开火 96.5%  20s
===== [P15-3] 克隆已保存 training/models/p17_bc_nav_clone.zip =====
===== [快检] 导航克隆裸装 (500 局 @970000, 对照 P15 克隆 8.1%) =====
  [100/500] 先杀率 7.0%  真胜率 5.0%  7s
  [200/500] 先杀率 9.0%  真胜率 7.0%  14s
  [300/500] 先杀率 9.3%  真胜率 7.3%  20s
  [400/500] 先杀率 9.5%  真胜率 7.8%  27s
  [500/500] 先杀率 9.6%  真胜率 7.8%  35s

===== model 双口径评估 (500 局, 35s) =====
  先杀率(destroy口径): 9.6%   [同帧双杀 0.0%]
  真胜率(原版计分):    7.8%   ← 口径差 +1.8%
  真负率 85.4%  双亡率 6.8%  超时平局 0.0%
  自杀率(死于自己子弹): 1.2%
  场均开火 0.1 发  命中率 35.9%  零开火局 92%
  场均移动 1.7 格  平均局长 9.7 秒
  死因分布(461次死亡): Laika直射 37%  Laika反弹弹 61%  自己子弹 1%  未知 0%
  击杀方式(14次击杀): 直射 86%  反弹 14%  未知 0%
===== [P17-FT] 价值预热 50 万 + 微调 3M (与 P15 同配方) =====
奖励版本: v5   并行环境: 12   弹道预演观测: 开   出生去偏: 4 格   双亡奖励: -0.2   空枪/擦弹: -0.02/0.075   特训营: 关
从 training/models/p17_bc_nav_clone.zip 继续训练 (覆盖 {'learning_rate': 0.0001, 'ent_coef': 0.003})
[价值预热] 冻结 6 个策略参数张量, 先训价值头 500,000 步

[eval @ 516,096 steps] 确定性评估胜率: 3.0%
  ✓ 新最优, 已保存 /Users/cichlidfish/tank_trouble/training/models/best_model.zip
 100% ━━━━━━━━━━━━━━━━━━━━━━ 516,096/500,000  [ 0:03:41 < 0:00:00 , 1,674 it/s ]
[价值预热] 完成, 解冻全部参数进入联合微调

[eval @ 1,007,616 steps] 确定性评估胜率: 18.0%
  ✓ 新最优, 已保存 /Users/cichlidfish/tank_trouble/training/models/best_model.zip

[eval @ 1,523,712 steps] 确定性评估胜率: 29.0%
  ✓ 新最优, 已保存 /Users/cichlidfish/tank_trouble/training/models/best_model.zip

[eval @ 2,015,232 steps] 确定性评估胜率: 35.0%
  ✓ 新最优, 已保存 /Users/cichlidfish/tank_trouble/training/models/best_model.zip

[eval @ 2,506,752 steps] 确定性评估胜率: 29.0%

[eval @ 3,022,848 steps] 确定性评估胜率: 36.0%
  ✓ 新最优, 已保存 /Users/cichlidfish/tank_trouble/training/models/best_model.zip

[eval @ 3,514,368 steps] 确定性评估胜率: 37.0%
  ✓ 新最优, 已保存 /Users/cichlidfish/tank_trouble/training/models/best_model.zip
 100% ━━━━━━━━━━━━━━━━━━━ 3,022,848/3,000,000 [ 0:27:51 < 0:00:00 , 1,653 it/s ]
完成. 模型已保存到 /Users/cichlidfish/tank_trouble/training/models/latest.zip
[P17-FT] 已归档 p17_nav_best.zip
===== [定级] P17 (1000 局 @970000, 对照 P15=33.8% / 冠军=35.1%) =====
  [100/1000] 先杀率 57.0%  真胜率 42.0%  6s
  [200/1000] 先杀率 55.0%  真胜率 36.5%  12s
  [300/1000] 先杀率 52.3%  真胜率 36.3%  18s
  [400/1000] 先杀率 53.5%  真胜率 36.5%  24s
  [500/1000] 先杀率 53.8%  真胜率 38.0%  30s
  [600/1000] 先杀率 53.3%  真胜率 37.8%  36s
  [700/1000] 先杀率 54.1%  真胜率 37.6%  42s
  [800/1000] 先杀率 54.5%  真胜率 37.4%  48s
  [900/1000] 先杀率 53.4%  真胜率 36.3%  54s
  [1000/1000] 先杀率 53.4%  真胜率 36.4%  60s

===== model 双口径评估 (1000 局, 60s) =====
  先杀率(destroy口径): 53.4%   [同帧双杀 1.1%]
  真胜率(原版计分):    36.4%   ← 口径差 +17.0%
  真负率 35.3%  双亡率 28.3%  超时平局 0.0%
  自杀率(死于自己子弹): 21.9%
  场均开火 4.0 发  命中率 14.0%  零开火局 4%
  场均移动 3.5 格  平均局长 8.5 秒
  死因分布(636次死亡): Laika直射 20%  Laika反弹弹 43%  自己子弹 34%  未知 2%
  击杀方式(557次击杀): 直射 40%  反弹 58%  未知 2%
===== P17 全部完成 =====
