===== [P21a-1] 全量评分采集 =====
采集: 10 进程 x 80 局, 每决策步全量 18 候选评分
采集完成: 119183 样本 / 800 局 / 1645s
  老师战绩(含5%移动噪声): 胜 91.5% 双亡 3.5%
===== [P21a-2] 评分回归训练 =====
  epoch 1/15  训练MSE 0.4647  验证MSE 0.3954  top1一致 9.2%  top3覆盖 32.7%  2s
  epoch 2/15  训练MSE 0.3745  验证MSE 0.3528  top1一致 15.2%  top3覆盖 44.8%  4s
  epoch 3/15  训练MSE 0.3348  验证MSE 0.3166  top1一致 14.0%  top3覆盖 39.1%  6s
  epoch 4/15  训练MSE 0.3001  验证MSE 0.2976  top1一致 11.3%  top3覆盖 34.8%  8s
  epoch 5/15  训练MSE 0.2770  验证MSE 0.2788  top1一致 15.2%  top3覆盖 39.1%  11s
  epoch 6/15  训练MSE 0.2594  验证MSE 0.2736  top1一致 9.9%  top3覆盖 26.7%  13s
  epoch 7/15  训练MSE 0.2471  验证MSE 0.2459  top1一致 11.1%  top3覆盖 31.7%  15s
  epoch 8/15  训练MSE 0.2260  验证MSE 0.2358  top1一致 11.1%  top3覆盖 31.2%  17s
  epoch 9/15  训练MSE 0.2149  验证MSE 0.2285  top1一致 10.9%  top3覆盖 31.2%  19s
  epoch 10/15  训练MSE 0.2107  验证MSE 0.2245  top1一致 15.2%  top3覆盖 37.1%  21s
  epoch 11/15  训练MSE 0.2019  验证MSE 0.2583  top1一致 21.1%  top3覆盖 49.4%  23s
  epoch 12/15  训练MSE 0.2033  验证MSE 0.2094  top1一致 14.4%  top3覆盖 38.6%  26s
  epoch 13/15  训练MSE 0.1832  验证MSE 0.2038  top1一致 12.6%  top3覆盖 33.8%  28s
  epoch 14/15  训练MSE 0.1778  验证MSE 0.2095  top1一致 9.5%  top3覆盖 28.6%  30s
  epoch 15/15  训练MSE 0.1755  验证MSE 0.1971  top1一致 13.4%  top3覆盖 37.6%  32s
===== [P21a-3] 评分网络已保存 training/models/p21b_scorenet.pt =====
判决A: top1一致率 13.4% / top3覆盖 37.6% (闸门: top1>65% 或 top3>85%)
  [50/200] 真胜率 70.0% 193s
  [100/200] 真胜率 65.0% 467s
  [150/200] 真胜率 65.3% 701s
  [200/200] 真胜率 64.5% 984s

===== 评分网络裸装 200 局 @970000 =====
  真胜率 64.5%  负 26.0%  双亡 9.0%
  判决B: >=50% = 路径验证通过 (参照: P17=36.4% / 混合体K=8=95%)
===== P21b 探针全部完成 =====
