===== [P18] 等待 P17 完成... =====
===== [P18] 开始 CNN 地图头流水线 =====
===== [P18-BC] 采集 80 万样本 (Dict观测: 121维+地图栅格) + 克隆训练 =====
===== [P15-1] 采集 Laika 示范 800000 样本 =====
  采集 52401/800000 (500 局, 29s)
  采集 101289/800000 (1000 局, 55s)
  采集 151594/800000 (1500 局, 83s)
  采集 204522/800000 (2000 局, 112s)
  采集 254893/800000 (2500 局, 139s)
  采集 305770/800000 (3000 局, 167s)
  采集 353611/800000 (3500 局, 193s)
  采集 402887/800000 (4000 局, 220s)
  采集 454917/800000 (4500 局, 249s)
  采集 506322/800000 (5000 局, 276s)
  采集 557907/800000 (5500 局, 304s)
  采集 608130/800000 (6000 局, 332s)
  采集 658653/800000 (6500 局, 359s)
  采集 711626/800000 (7000 局, 388s)
  采集 764250/800000 (7500 局, 417s)
采集完成: 800000 样本, 7855 局, 436s
  油门分布: [0.021 0.652 0.327]
  转向分布: [0.233 0.539 0.228]
  开火分布: [0.937 0.063]
===== [P15-2] 行为克隆训练 (12 epochs) =====
  epoch 1/12  loss 1.9357  验证准确率 油门 72.0% 转向 53.9% 开火 94.3%  67s
  epoch 2/12  loss 1.6677  验证准确率 油门 73.5% 转向 56.9% 开火 95.9%  148s
  epoch 3/12  loss 1.5934  验证准确率 油门 74.0% 转向 58.3% 开火 96.1%  208s
  epoch 4/12  loss 1.5652  验证准确率 油门 74.3% 转向 58.8% 开火 96.1%  265s
  epoch 5/12  loss 1.5439  验证准确率 油门 74.7% 转向 59.6% 开火 96.2%  323s
  epoch 6/12  loss 1.5244  验证准确率 油门 75.0% 转向 59.9% 开火 96.2%  378s
  epoch 7/12  loss 1.5051  验证准确率 油门 75.4% 转向 60.5% 开火 96.2%  432s
  epoch 8/12  loss 1.4884  验证准确率 油门 75.4% 转向 60.7% 开火 96.2%  488s
  epoch 9/12  loss 1.4706  验证准确率 油门 76.2% 转向 61.1% 开火 96.2%  542s
  epoch 10/12  loss 1.4547  验证准确率 油门 76.6% 转向 61.0% 开火 96.3%  598s
  epoch 11/12  loss 1.4392  验证准确率 油门 76.8% 转向 61.6% 开火 96.3%  656s
  epoch 12/12  loss 1.4231  验证准确率 油门 77.1% 转向 62.1% 开火 96.3%  715s
===== [P15-3] 克隆已保存 training/models/p18_bc_map_clone.zip =====
===== [快检] 地图克隆裸装 (500 局 @970000, 对照 P15 克隆 8.1%) =====
  [100/500] 先杀率 15.0%  真胜率 10.0%  8s
  [200/500] 先杀率 11.0%  真胜率 8.0%  17s
  [300/500] 先杀率 10.7%  真胜率 7.7%  25s
  [400/500] 先杀率 10.5%  真胜率 7.2%  34s
  [500/500] 先杀率 10.4%  真胜率 7.4%  45s

===== model 双口径评估 (500 局, 45s) =====
  先杀率(destroy口径): 10.4%   [同帧双杀 0.4%]
  真胜率(原版计分):    7.4%   ← 口径差 +3.0%
  真负率 83.8%  双亡率 8.8%  超时平局 0.0%
  自杀率(死于自己子弹): 1.0%
  场均开火 0.1 发  命中率 39.3%  零开火局 88%
  场均移动 1.1 格  平均局长 10.7 秒
  死因分布(463次死亡): Laika直射 37%  Laika反弹弹 61%  自己子弹 1%  未知 1%
  击杀方式(24次击杀): 直射 71%  反弹 25%  未知 4%
===== [P18-FT] 价值预热 50 万 + 微调 3M (与 P15 同配方) =====
奖励版本: v5   并行环境: 12   弹道预演观测: 开   出生去偏: 4 格   双亡奖励: -0.2   空枪/擦弹: -0.02/0.075   特训营: 关
从 training/models/p18_bc_map_clone.zip 继续训练 (覆盖 {'learning_rate': 0.0001, 'ent_coef': 0.003})
[价值预热] 冻结 12 个策略参数张量, 先训价值头 500,000 步

[eval @ 516,096 steps] 确定性评估胜率: 11.0%
  ✓ 新最优, 已保存 /Users/cichlidfish/tank_trouble/training/models/best_model.zip
 100% ━━━━━━━━━━━━━━━━━━━━━━ 516,096/500,000  [ 0:05:19 < 0:00:00 , 1,030 it/s ]
[价值预热] 完成, 解冻全部参数进入联合微调

[eval @ 1,007,616 steps] 确定性评估胜率: 18.0%
  ✓ 新最优, 已保存 /Users/cichlidfish/tank_trouble/training/models/best_model.zip

[eval @ 1,523,712 steps] 确定性评估胜率: 27.0%
  ✓ 新最优, 已保存 /Users/cichlidfish/tank_trouble/training/models/best_model.zip

[eval @ 2,015,232 steps] 确定性评估胜率: 22.0%

[eval @ 2,506,752 steps] 确定性评估胜率: 16.0%

[eval @ 3,022,848 steps] 确定性评估胜率: 25.0%

[eval @ 3,514,368 steps] 确定性评估胜率: 19.0%
 100% ━━━━━━━━━━━━━━━━━━━━━━ 3,022,848/3,000,000  [ 1:15:58 < 0:00:00 , ? it/s ]
完成. 模型已保存到 /Users/cichlidfish/tank_trouble/training/models/latest.zip
[P18-FT] 已归档 p18_map_best.zip
===== [定级] P18 (1000 局 @970000, 对照 P15=33.8% / 冠军=35.1%) =====
  [100/1000] 先杀率 23.0%  真胜率 20.0%  11s
  [200/1000] 先杀率 29.0%  真胜率 22.0%  23s
  [300/1000] 先杀率 31.0%  真胜率 23.3%  36s
  [400/1000] 先杀率 33.0%  真胜率 23.8%  47s
  [500/1000] 先杀率 33.8%  真胜率 25.2%  59s
  [600/1000] 先杀率 33.7%  真胜率 24.0%  72s
  [700/1000] 先杀率 32.7%  真胜率 23.3%  85s
  [800/1000] 先杀率 32.8%  真胜率 22.5%  96s
  [900/1000] 先杀率 32.7%  真胜率 22.4%  108s
  [1000/1000] 先杀率 33.0%  真胜率 22.5%  121s

===== model 双口径评估 (1000 局, 121s) =====
  先杀率(destroy口径): 33.0%   [同帧双杀 0.4%]
  真胜率(原版计分):    22.5%   ← 口径差 +10.5%
  真负率 56.5%  双亡率 21.0%  超时平局 0.0%
  自杀率(死于自己子弹): 18.8%
  场均开火 2.3 发  命中率 14.7%  零开火局 21%
  场均移动 2.2 格  平均局长 10.8 秒
  死因分布(775次死亡): Laika直射 24%  Laika反弹弹 51%  自己子弹 24%  未知 1%
  击杀方式(338次击杀): 直射 33%  反弹 67%  未知 1%
===== P18 全部完成 =====
