===== [P21a-1] 全量评分采集 =====
采集: 10 进程 x 80 局, 每决策步全量 18 候选评分
采集完成: 119183 样本 / 800 局 / 1354s
  老师战绩(含5%移动噪声): 胜 91.5% 双亡 3.5%
===== [P21a-2] 评分回归训练 =====
  epoch 1/15  训练MSE 0.5045  验证MSE 0.4738  top1一致 19.8%  top3覆盖 51.1%  0s
  epoch 2/15  训练MSE 0.4471  验证MSE 0.4311  top1一致 13.5%  top3覆盖 39.2%  1s
  epoch 3/15  训练MSE 0.4197  验证MSE 0.4144  top1一致 15.2%  top3覆盖 39.9%  1s
  epoch 4/15  训练MSE 0.4043  验证MSE 0.4019  top1一致 15.4%  top3覆盖 39.7%  2s
  epoch 5/15  训练MSE 0.3922  验证MSE 0.3942  top1一致 13.8%  top3覆盖 38.5%  3s
  epoch 6/15  训练MSE 0.3817  验证MSE 0.3835  top1一致 8.9%  top3覆盖 28.0%  3s
  epoch 7/15  训练MSE 0.3714  验证MSE 0.3748  top1一致 7.2%  top3覆盖 24.6%  4s
  epoch 8/15  训练MSE 0.3625  验证MSE 0.3666  top1一致 14.5%  top3覆盖 37.9%  4s
  epoch 9/15  训练MSE 0.3538  验证MSE 0.3609  top1一致 10.5%  top3覆盖 30.3%  5s
  epoch 10/15  训练MSE 0.3458  验证MSE 0.3544  top1一致 8.7%  top3覆盖 28.0%  5s
  epoch 11/15  训练MSE 0.3382  验证MSE 0.3491  top1一致 8.8%  top3覆盖 27.5%  5s
  epoch 12/15  训练MSE 0.3309  验证MSE 0.3447  top1一致 11.5%  top3覆盖 32.9%  6s
  epoch 13/15  训练MSE 0.3249  验证MSE 0.3404  top1一致 9.7%  top3覆盖 28.5%  6s
  epoch 14/15  训练MSE 0.3194  验证MSE 0.3357  top1一致 7.7%  top3覆盖 24.7%  7s
  epoch 15/15  训练MSE 0.3131  验证MSE 0.3315  top1一致 7.0%  top3覆盖 22.9%  7s
===== [P21a-3] 评分网络已保存 /Users/cichlidfish/tank_trouble/training/models/p21a_scorenet.pt =====
判决A: top1一致率 7.0% / top3覆盖 22.9% (闸门: top1>65% 或 top3>85%)
  [50/200] 真胜率 14.0% 5s
  [100/200] 真胜率 12.0% 11s
  [150/200] 真胜率 14.0% 16s
  [200/200] 真胜率 14.0% 21s

===== 评分网络裸装 200 局 @970000 =====
  真胜率 14.0%  负 78.0%  双亡 8.0%
  判决B: >=50% = 路径验证通过 (参照: P17=36.4% / 混合体K=8=95%)
===== P21a 探针全部完成 =====
