===== [P24-1] 生存课程采集 (风格老师) =====
采集: 8 进程 x 187 局 (决策每 2 帧, 噪声 5%)
采集完成: 361299 样本 / 1496 局 / 15067s
  老师遥测(含噪声): 结算 221 命中间隔 2.3s 卡墙 4.9% 风格速率 +1.04/s 终局 死566/干415/满515
===== [P24-2] 评分回归训练 =====
  epoch 1/15  训练MSE 0.9221  验证MSE 0.7186  top1一致 8.1%  top3覆盖 32.9%  5s
  epoch 2/15  训练MSE 0.6667  验证MSE 0.6257  top1一致 11.1%  top3覆盖 33.0%  9s
  epoch 3/15  训练MSE 0.6108  验证MSE 0.5988  top1一致 11.5%  top3覆盖 33.6%  14s
  epoch 4/15  训练MSE 0.5770  验证MSE 0.5749  top1一致 18.0%  top3覆盖 45.9%  19s
  epoch 5/15  训练MSE 0.5574  验证MSE 0.5593  top1一致 17.0%  top3覆盖 42.7%  23s
  epoch 6/15  训练MSE 0.5390  验证MSE 0.5468  top1一致 21.1%  top3覆盖 48.2%  28s
  epoch 7/15  训练MSE 0.5243  验证MSE 0.5357  top1一致 17.6%  top3覆盖 43.9%  33s
  epoch 8/15  训练MSE 0.5141  验证MSE 0.5323  top1一致 20.8%  top3覆盖 46.4%  37s
  epoch 9/15  训练MSE 0.5018  验证MSE 0.5200  top1一致 17.5%  top3覆盖 43.4%  42s
  epoch 10/15  训练MSE 0.4899  验证MSE 0.5159  top1一致 19.7%  top3覆盖 47.7%  46s
  epoch 11/15  训练MSE 0.4816  验证MSE 0.5115  top1一致 17.3%  top3覆盖 45.4%  51s
  epoch 12/15  训练MSE 0.4722  验证MSE 0.5065  top1一致 18.1%  top3覆盖 44.8%  56s
  epoch 13/15  训练MSE 0.4638  验证MSE 0.5022  top1一致 20.3%  top3覆盖 47.6%  60s
  epoch 14/15  训练MSE 0.4585  验证MSE 0.4922  top1一致 21.7%  top3覆盖 48.9%  65s
  epoch 15/15  训练MSE 0.4464  验证MSE 0.4907  top1一致 23.3%  top3覆盖 51.4%  70s
===== [P24-3] 已保存 /Users/cichlidfish/tank_trouble/training/models/p24_scorenet.pt (top1 23.3% top3 51.4%) =====
===== [P24-4] 生存模式验收 =====

===== 学生生存模式验收 (96局, 58s) =====
  结算分 0.0  存活 9.2s  命中间隔 41.9s  风格速率 -1.02/s  卡墙 21.8%
  终局: 死16% 干84% 满0%  (老师参照见台账 P24v2)
===== [P24-5] 原版验收 =====
  [50/300] 真胜率 68.0% 148s
  [100/300] 真胜率 66.0% 375s
  [150/300] 真胜率 62.7% 539s
  [200/300] 真胜率 60.0% 779s
  [250/300] 真胜率 59.6% 982s
  [300/300] 真胜率 58.7% 1184s

===== 学生原版验收 300 局 @970000 (铁律口径) =====
  真胜率 58.7%  负 32.0%  双亡 8.3%  平 1.0%
  参照: P22 冠军 68.6/64.8 | P17 RL线 36.4 | Laika 镜像 40.2
===== [P24] 管线完成 =====
