===== [P16] 过夜长训 60M 步 (从 p15_bc_ft_best 续训) =====
奖励版本: v5   并行环境: 12   弹道预演观测: 开   出生去偏: 4 格   双亡奖励: -0.2   空枪/擦弹: -0.02/0.075   特训营: 关
从 training/models/p15_bc_ft_best.zip 继续训练 (覆盖 {'learning_rate': 0.00015, 'ent_coef': 0.003})

[eval @ 2,015,232 steps] 确定性评估胜率: 38.0%
  ✓ 新最优, 已保存 /Users/cichlidfish/tank_trouble/training/models/best_model.zip

[eval @ 4,005,888 steps] 确定性评估胜率: 22.0%

[eval @ 6,021,120 steps] 确定性评估胜率: 26.0%

[eval @ 8,011,776 steps] 确定性评估胜率: 24.0%

[eval @ 10,002,432 steps] 确定性评估胜率: 21.0%

[eval @ 12,017,664 steps] 确定性评估胜率: 21.0%

[eval @ 14,008,320 steps] 确定性评估胜率: 20.0%

[eval @ 16,023,552 steps] 确定性评估胜率: 22.0%

[eval @ 18,014,208 steps] 确定性评估胜率: 23.0%

[eval @ 20,004,864 steps] 确定性评估胜率: 21.0%

[eval @ 22,020,096 steps] 确定性评估胜率: 23.0%

[eval @ 24,010,752 steps] 确定性评估胜率: 23.0%

[eval @ 26,001,408 steps] 确定性评估胜率: 26.0%

[eval @ 28,016,640 steps] 确定性评估胜率: 22.0%

[eval @ 30,007,296 steps] 确定性评估胜率: 25.0%

[eval @ 32,022,528 steps] 确定性评估胜率: 20.0%

[eval @ 34,013,184 steps] 确定性评估胜率: 22.0%

[eval @ 36,003,840 steps] 确定性评估胜率: 20.0%

[eval @ 38,019,072 steps] 确定性评估胜率: 20.0%

[eval @ 40,009,728 steps] 确定性评估胜率: 20.0%

[eval @ 42,000,384 steps] 确定性评估胜率: 22.0%

[eval @ 44,015,616 steps] 确定性评估胜率: 18.0%

[eval @ 46,006,272 steps] 确定性评估胜率: 25.0%

[eval @ 48,021,504 steps] 确定性评估胜率: 17.0%

[eval @ 50,012,160 steps] 确定性评估胜率: 20.0%

[eval @ 52,002,816 steps] 确定性评估胜率: 25.0%

[eval @ 54,018,048 steps] 确定性评估胜率: 20.0%

[eval @ 56,008,704 steps] 确定性评估胜率: 28.0%

[eval @ 58,023,936 steps] 确定性评估胜率: 12.0%

[eval @ 60,014,592 steps] 确定性评估胜率: 22.0%
 100% ━━━━━━━━━━━━━━━━━━━ 60,014,592/60,000,… [ 7:55:01 < 0:00:00 , 1,074 it/s ]
完成. 模型已保存到 /Users/cichlidfish/tank_trouble/training/models/latest.zip
[P16] 已归档 p16_long_best.zip (回调最优) / p16_long_final.zip (终点)
===== [定级] P16 回调最优 (1000 局 @970000, 冠军闸门 35.1%) =====
  [100/1000] 先杀率 56.0%  真胜率 38.0%  7s
  [200/1000] 先杀率 49.5%  真胜率 29.5%  14s
  [300/1000] 先杀率 48.3%  真胜率 28.7%  22s
  [400/1000] 先杀率 49.2%  真胜率 29.5%  29s
  [500/1000] 先杀率 50.4%  真胜率 30.2%  37s
  [600/1000] 先杀率 49.3%  真胜率 29.7%  44s
  [700/1000] 先杀率 50.3%  真胜率 30.1%  51s
  [800/1000] 先杀率 49.9%  真胜率 29.8%  58s
  [900/1000] 先杀率 49.7%  真胜率 29.3%  66s
  [1000/1000] 先杀率 50.4%  真胜率 30.0%  73s

===== model 双口径评估 (1000 局, 73s) =====
  先杀率(destroy口径): 50.4%   [同帧双杀 1.4%]
  真胜率(原版计分):    30.0%   ← 口径差 +20.4%
  真负率 38.2%  双亡率 31.8%  超时平局 0.0%
  自杀率(死于自己子弹): 26.6%
  场均开火 4.2 发  命中率 12.5%  零开火局 8%
  场均移动 2.8 格  平均局长 9.8 秒
  死因分布(700次死亡): Laika直射 19%  Laika反弹弹 41%  自己子弹 38%  未知 2%
  击杀方式(531次击杀): 直射 40%  反弹 58%  未知 2%
===== [定级] P16 训练终点 (1000 局 @970000) =====
  [100/1000] 先杀率 46.0%  真胜率 24.0%  6s
  [200/1000] 先杀率 42.0%  真胜率 22.5%  14s
  [300/1000] 先杀率 44.0%  真胜率 22.0%  20s
  [400/1000] 先杀率 45.0%  真胜率 22.5%  28s
  [500/1000] 先杀率 42.4%  真胜率 21.2%  36s
  [600/1000] 先杀率 43.3%  真胜率 21.7%  42s
  [700/1000] 先杀率 43.0%  真胜率 21.0%  49s
  [800/1000] 先杀率 43.4%  真胜率 21.4%  55s
  [900/1000] 先杀率 43.6%  真胜率 21.4%  63s
  [1000/1000] 先杀率 43.9%  真胜率 21.0%  69s

===== model 双口径评估 (1000 局, 69s) =====
  先杀率(destroy口径): 43.9%   [同帧双杀 0.7%]
  真胜率(原版计分):    21.0%   ← 口径差 +22.9%
  真负率 42.0%  双亡率 37.0%  超时平局 0.0%
  自杀率(死于自己子弹): 34.0%
  场均开火 4.1 发  命中率 12.6%  零开火局 9%
  场均移动 5.8 格  平均局长 9.4 秒
  死因分布(790次死亡): Laika直射 14%  Laika反弹弹 41%  自己子弹 43%  未知 1%
  击杀方式(512次击杀): 直射 40%  反弹 59%  未知 1%
===== P16 过夜长训全部完成 =====
