[vleaf] 07-08 10:12 === 采值1500局 + 训V ===
===== [P23-1] 采真实回报值 =====
采值: 8 进程 x 187 局, 冠军=scorenet_best.pt, 每 3 帧记一次真实回报
采值完成: 248043 状态样本 / 1496 局 / 4195s
  冠军战绩: 胜 64.2% 负 26.1% 双亡 8.7%
===== [P23-2] 训价值网络 V(s) =====
  epoch 1/25  训练MSE 0.6423  验证MSE 0.5098  R²≈0.286  3s
  epoch 2/25  训练MSE 0.3867  验证MSE 0.2880  R²≈0.597  5s
  epoch 3/25  训练MSE 0.2203  验证MSE 0.1699  R²≈0.762  8s
  epoch 4/25  训练MSE 0.1460  验证MSE 0.1230  R²≈0.828  11s
  epoch 5/25  训练MSE 0.1031  验证MSE 0.0887  R²≈0.876  14s
  epoch 6/25  训练MSE 0.0800  验证MSE 0.0710  R²≈0.901  16s
  epoch 7/25  训练MSE 0.0601  验证MSE 0.0554  R²≈0.922  19s
  epoch 8/25  训练MSE 0.0493  验证MSE 0.0456  R²≈0.936  22s
  epoch 9/25  训练MSE 0.0397  验证MSE 0.0381  R²≈0.947  25s
  epoch 10/25  训练MSE 0.0340  验证MSE 0.0331  R²≈0.954  27s
  epoch 11/25  训练MSE 0.0280  验证MSE 0.0286  R²≈0.960  30s
  epoch 12/25  训练MSE 0.0247  验证MSE 0.0297  R²≈0.958  33s
  epoch 13/25  训练MSE 0.0219  验证MSE 0.0220  R²≈0.969  36s
  epoch 14/25  训练MSE 0.0182  验证MSE 0.0280  R²≈0.961  38s
  epoch 15/25  训练MSE 0.0164  验证MSE 0.0205  R²≈0.971  41s
  epoch 16/25  训练MSE 0.0153  验证MSE 0.0181  R²≈0.975  44s
  epoch 17/25  训练MSE 0.0135  验证MSE 0.0175  R²≈0.976  47s
  epoch 18/25  训练MSE 0.0141  验证MSE 0.0135  R²≈0.981  49s
  epoch 19/25  训练MSE 0.0113  验证MSE 0.0149  R²≈0.979  52s
  epoch 20/25  训练MSE 0.0099  验证MSE 0.0116  R²≈0.984  55s
  epoch 21/25  训练MSE 0.0106  验证MSE 0.0120  R²≈0.983  58s
  epoch 22/25  训练MSE 0.0086  验证MSE 0.0125  R²≈0.982  60s
  epoch 23/25  训练MSE 0.0086  验证MSE 0.0097  R²≈0.986  63s
  epoch 24/25  训练MSE 0.0082  验证MSE 0.0090  R²≈0.987  66s
  epoch 25/25  训练MSE 0.0073  验证MSE 0.0085  R²≈0.988  69s
===== V 已保存 /Users/cichlidfish/tank_trouble/training/models/value_leaf.pt (R²≈0.988) =====
下一步: python3 training/value_leaf.py validate --n 200
[vleaf] 07-08 11:23 === 验证杠杆 (各200局) ===
===== [P23-3] 验证价值叶子杠杆 =====

启发式叶子(基线): 200 局同种子 (2109s)
  真胜率 93.5%  负 4.0%  双亡 2.5%
  我↔敌平均距离 2.59 格 (越小越主动狩猎)

价值叶子: 200 局同种子 (2875s)
  真胜率 87.5%  负 6.5%  双亡 4.0%
  我↔敌平均距离 3.19 格 (越小越主动狩猎)
[vleaf] 07-08 12:46 ===== 价值叶子实验全部完成 =====
