===== [P19] MPC 示范采集 (3000局, 10进程) + 蒸馏训练 =====
===== [P19-1] MPC 示范采集 =====
采集: 10 进程 x 300 局 (eps=0.1, H=48)
采集完成: 352531 样本 / 3000 局 / 3561s
  老师战绩(含10%执行噪声): 胜 36.8% 双亡 21.5% 负 41.7%
  油门分布: [0.607 0.261 0.132]
  转向分布: [0.545 0.366 0.089]
  开火分布: [0.965 0.035]
===== [P19-2] 蒸馏训练 (12 epochs) =====
  epoch 1/12  loss 2.0755  验证准确率 油门 62.7% 转向 61.6% 开火 96.3%  1s
  epoch 2/12  loss 1.7637  验证准确率 油门 69.4% 转向 64.9% 开火 96.3%  1s
  epoch 3/12  loss 1.6722  验证准确率 油门 70.5% 转向 65.5% 开火 96.3%  2s
  epoch 4/12  loss 1.6290  验证准确率 油门 71.2% 转向 66.0% 开火 96.3%  3s
  epoch 5/12  loss 1.5979  验证准确率 油门 71.8% 转向 66.8% 开火 96.3%  3s
  epoch 6/12  loss 1.5732  验证准确率 油门 72.3% 转向 67.2% 开火 96.3%  4s
  epoch 7/12  loss 1.5523  验证准确率 油门 72.6% 转向 67.5% 开火 96.3%  5s
  epoch 8/12  loss 1.5357  验证准确率 油门 72.9% 转向 67.9% 开火 96.3%  5s
  epoch 9/12  loss 1.5213  验证准确率 油门 73.0% 转向 68.0% 开火 96.3%  6s
  epoch 10/12  loss 1.5079  验证准确率 油门 73.5% 转向 68.5% 开火 96.3%  7s
  epoch 11/12  loss 1.4956  验证准确率 油门 73.8% 转向 68.6% 开火 96.3%  7s
  epoch 12/12  loss 1.4832  验证准确率 油门 73.8% 转向 68.7% 开火 96.3%  8s
===== [P19-3] 学生已保存 training/models/p19_mpc_student.zip =====
===== [定级] 学生裸装 @970000 (1000局, 老师=96.0%, 保真率=学生/老师) =====
  [100/1000] 先杀率 10.0%  真胜率 9.0%  7s
  [200/1000] 先杀率 10.5%  真胜率 8.0%  15s
  [300/1000] 先杀率 10.3%  真胜率 8.3%  23s
  [400/1000] 先杀率 10.2%  真胜率 8.5%  31s
  [500/1000] 先杀率 10.6%  真胜率 9.0%  39s
  [600/1000] 先杀率 10.5%  真胜率 9.0%  46s
  [700/1000] 先杀率 10.7%  真胜率 9.4%  53s
  [800/1000] 先杀率 10.1%  真胜率 8.9%  60s
  [900/1000] 先杀率 10.4%  真胜率 9.1%  67s
  [1000/1000] 先杀率 10.3%  真胜率 8.9%  76s

===== model 双口径评估 (1000 局, 76s) =====
  先杀率(destroy口径): 10.3%   [同帧双杀 0.0%]
  真胜率(原版计分):    8.9%   ← 口径差 +1.4%
  真负率 83.9%  双亡率 6.9%  超时平局 0.3%
  自杀率(死于自己子弹): 0.0%
  场均开火 0.0 发  命中率 100.0%  零开火局 100%
  场均移动 1.1 格  平均局长 11.0 秒
  死因分布(908次死亡): Laika直射 43%  Laika反弹弹 57%  自己子弹 0%  未知 0%
  击杀方式(1次击杀): 直射 0%  反弹 100%  未知 0%
===== [定级] 学生裸装 @990000 (500局, 双基复验) =====
  [100/500] 先杀率 13.0%  真胜率 12.0%  7s
  [200/500] 先杀率 8.5%  真胜率 8.0%  15s
  [300/500] 先杀率 8.7%  真胜率 8.0%  23s
  [400/500] 先杀率 7.5%  真胜率 7.0%  30s
  [500/500] 先杀率 8.6%  真胜率 7.8%  37s

===== model 双口径评估 (500 局, 37s) =====
  先杀率(destroy口径): 8.6%   [同帧双杀 0.0%]
  真胜率(原版计分):    7.8%   ← 口径差 +0.8%
  真负率 85.2%  双亡率 6.6%  超时平局 0.4%
  自杀率(死于自己子弹): 0.0%
  场均开火 0.0 发  命中率 100.0%  零开火局 100%
  场均移动 1.1 格  平均局长 10.5 秒
  死因分布(459次死亡): Laika直射 46%  Laika反弹弹 54%  自己子弹 0%  未知 0%
  击杀方式(1次击杀): 直射 100%  反弹 0%  未知 0%
===== [P19-FT] 学生 RL 精修: 价值预热50万 + 3M (P17环境配方) =====
奖励版本: v5   并行环境: 12   弹道预演观测: 开   出生去偏: 4 格   双亡奖励: -0.2   空枪/擦弹: -0.02/0.075   特训营: 关
从 training/models/p19_mpc_student.zip 继续训练 (覆盖 {'learning_rate': 0.0001, 'ent_coef': 0.003})
[价值预热] 冻结 6 个策略参数张量, 先训价值头 500,000 步

[eval @ 516,096 steps] 确定性评估胜率: 4.0%
  ✓ 新最优, 已保存 /Users/cichlidfish/tank_trouble/training/models/best_model.zip
 100% ━━━━━━━━━━━━━━━━━━━━━━ 516,096/500,000  [ 0:03:10 < 0:00:00 , 1,759 it/s ]
[价值预热] 完成, 解冻全部参数进入联合微调

[eval @ 1,007,616 steps] 确定性评估胜率: 10.0%
  ✓ 新最优, 已保存 /Users/cichlidfish/tank_trouble/training/models/best_model.zip

[eval @ 1,523,712 steps] 确定性评估胜率: 13.0%
  ✓ 新最优, 已保存 /Users/cichlidfish/tank_trouble/training/models/best_model.zip

[eval @ 2,015,232 steps] 确定性评估胜率: 18.0%
  ✓ 新最优, 已保存 /Users/cichlidfish/tank_trouble/training/models/best_model.zip

[eval @ 2,506,752 steps] 确定性评估胜率: 23.0%
  ✓ 新最优, 已保存 /Users/cichlidfish/tank_trouble/training/models/best_model.zip

[eval @ 3,022,848 steps] 确定性评估胜率: 29.0%
  ✓ 新最优, 已保存 /Users/cichlidfish/tank_trouble/training/models/best_model.zip

[eval @ 3,514,368 steps] 确定性评估胜率: 30.0%
  ✓ 新最优, 已保存 /Users/cichlidfish/tank_trouble/training/models/best_model.zip
 100% ━━━━━━━━━━━━━━━━━━━ 3,022,848/3,000,000 [ 0:23:34 < 0:00:00 , 1,643 it/s ]
完成. 模型已保存到 /Users/cichlidfish/tank_trouble/training/models/latest.zip
[P19-FT] 已归档 p19_student_ft_best.zip
===== [定级] 精修版 @970000 (1000局) =====
  [100/1000] 先杀率 51.0%  真胜率 32.0%  7s
  [200/1000] 先杀率 47.0%  真胜率 30.0%  15s
  [300/1000] 先杀率 48.0%  真胜率 30.3%  22s
  [400/1000] 先杀率 50.2%  真胜率 32.2%  30s
  [500/1000] 先杀率 51.0%  真胜率 32.8%  38s
  [600/1000] 先杀率 49.7%  真胜率 32.3%  45s
  [700/1000] 先杀率 49.0%  真胜率 31.3%  53s
  [800/1000] 先杀率 49.4%  真胜率 30.5%  59s
  [900/1000] 先杀率 48.9%  真胜率 30.3%  67s
  [1000/1000] 先杀率 48.7%  真胜率 30.8%  75s

===== model 双口径评估 (1000 局, 75s) =====
  先杀率(destroy口径): 48.7%   [同帧双杀 0.7%]
  真胜率(原版计分):    30.8%   ← 口径差 +17.9%
  真负率 40.3%  双亡率 28.8%  超时平局 0.1%
  自杀率(死于自己子弹): 21.1%
  场均开火 4.1 发  命中率 12.0%  零开火局 13%
  场均移动 3.9 格  平均局长 10.8 秒
  死因分布(691次死亡): Laika直射 15%  Laika反弹弹 53%  自己子弹 31%  未知 1%
  击杀方式(498次击杀): 直射 41%  反弹 58%  未知 1%
===== P19 蒸馏管线全部完成 =====
