===== [P15-FT] 价值预热 50 万步 + 联合微调 3M (lr 1e-4, ent 0.003) =====
奖励版本: v5   并行环境: 12   弹道预演观测: 开   出生去偏: 4 格   双亡奖励: -0.2   空枪/擦弹: -0.02/0.075   特训营: 关
从 training/models/p15_bc_clone.zip 继续训练 (覆盖 {'learning_rate': 0.0001, 'ent_coef': 0.003})
[价值预热] 冻结 6 个策略参数张量, 先训价值头 500,000 步

[eval @ 516,096 steps] 确定性评估胜率: 6.0%
  ✓ 新最优, 已保存 /Users/cichlidfish/tank_trouble/training/models/best_model.zip
 100% ━━━━━━━━━━━━━━━━━━━━━━ 516,096/500,000  [ 0:02:33 < 0:00:00 , 2,450 it/s ]
[价值预热] 完成, 解冻全部参数进入联合微调

[eval @ 1,007,616 steps] 确定性评估胜率: 15.0%
  ✓ 新最优, 已保存 /Users/cichlidfish/tank_trouble/training/models/best_model.zip

[eval @ 1,523,712 steps] 确定性评估胜率: 35.0%
  ✓ 新最优, 已保存 /Users/cichlidfish/tank_trouble/training/models/best_model.zip

[eval @ 2,015,232 steps] 确定性评估胜率: 31.0%

[eval @ 2,506,752 steps] 确定性评估胜率: 37.0%
  ✓ 新最优, 已保存 /Users/cichlidfish/tank_trouble/training/models/best_model.zip

[eval @ 3,022,848 steps] 确定性评估胜率: 34.0%

[eval @ 3,514,368 steps] 确定性评估胜率: 33.0%
 100% ━━━━━━━━━━━━━━━━━━━ 3,022,848/3,000,000 [ 0:24:15 < 0:00:00 , 1,453 it/s ]
完成. 模型已保存到 /Users/cichlidfish/tank_trouble/training/models/latest.zip
[P15-FT] 已归档 p15_bc_ft_best.zip
===== [定级] P15 微调版 (1000 局 @970000, 冠军闸门 35.1%) =====
  [100/1000] 先杀率 42.0%  真胜率 39.0%  7s
  [200/1000] 先杀率 46.5%  真胜率 39.0%  14s
  [300/1000] 先杀率 44.3%  真胜率 34.7%  21s
  [400/1000] 先杀率 43.2%  真胜率 33.5%  29s
  [500/1000] 先杀率 46.4%  真胜率 36.2%  36s
  [600/1000] 先杀率 46.5%  真胜率 35.2%  44s
  [700/1000] 先杀率 46.4%  真胜率 34.3%  51s
  [800/1000] 先杀率 47.2%  真胜率 34.6%  58s
  [900/1000] 先杀率 47.6%  真胜率 34.0%  66s
  [1000/1000] 先杀率 47.8%  真胜率 33.8%  73s

===== model 双口径评估 (1000 局, 73s) =====
  先杀率(destroy口径): 47.8%   [同帧双杀 1.1%]
  真胜率(原版计分):    33.8%   ← 口径差 +14.0%
  真负率 39.5%  双亡率 26.7%  超时平局 0.0%
  自杀率(死于自己子弹): 20.4%
  场均开火 3.7 发  命中率 14.1%  零开火局 12%
  场均移动 1.5 格  平均局长 10.6 秒
  死因分布(662次死亡): Laika直射 21%  Laika反弹弹 47%  自己子弹 31%  未知 1%
  击杀方式(523次击杀): 直射 40%  反弹 59%  未知 2%
===== P15 全部完成 =====
